../Core/Src/main.c:111:6:WriteLineChar	24	static
../Core/Src/main.c:131:6:WriteLineUint	24	static
../Core/Src/main.c:150:13:FRESULT_String	16	static
../Core/Src/main.c:177:6:Antenna_Switch	32	static
../Core/Src/main.c:246:16:Get_Dopplers_RAW	48	static
../Core/Src/main.c:264:10:Get_TOW_RAW	24	static
../Core/Src/main.c:277:10:Get_WN_RAW	24	static
../Core/Src/main.c:288:16:Get_Carrier_Cycle_RAW	80	static
../Core/Src/main.c:305:16:Get_Pseudorange_RAW	80	static
../Core/Src/main.c:323:15:Get_CN0_RAW	40	static
../Core/Src/main.c:335:8:Get_Constellation_RAW	40	static
../Core/Src/main.c:358:8:Get_Frequency_Band_RAW	48	static
../Core/Src/main.c:460:15:Get_SVID_RAW	40	static
../Core/Src/main.c:475:15:Tokenize_uint8_t_array	40	static
../Core/Src/main.c:509:7:Hex_to_String	56	static
../Core/Src/main.c:533:15:Build_Binary_OBC_Data	72	static
../Core/Src/main.c:587:6:Process_Binary_Data	232	static
../Core/Src/main.c:691:6:Process_Binary_Data_Reduced	88	static
../Core/Src/main.c:706:5:Detect_ACK	24	static
../Core/Src/main.c:722:5:Detect_NACK	24	static
../Core/Src/main.c:738:6:Process_NMEA_Data	104	static
../Core/Src/main.c:815:6:HAL_UART_RxHalfCpltCallback	16	static
../Core/Src/main.c:827:6:HAL_UART_RxCpltCallback	16	static
../Core/Src/main.c:839:6:HAL_UART_TxCpltCallback	16	static
../Core/Src/main.c:843:6:HAL_UART_RxErrorCallback	72	static
../Core/Src/main.c:877:6:Init_OBC_Cmd	16	static
../Core/Src/main.c:886:6:Execute_OBC_Cmd	112	static
../Core/Src/main.c:984:5:main	1328	static
../Core/Src/main.c:1246:6:SystemClock_Config	96	static
../Core/Src/main.c:1291:13:MX_SPI1_Init	8	static
../Core/Src/main.c:1331:13:MX_UART4_Init	8	static
../Core/Src/main.c:1366:13:MX_USART1_UART_Init	8	static
../Core/Src/main.c:1401:13:MX_USART2_UART_Init	8	static
../Core/Src/main.c:1434:13:MX_DMA_Init	16	static
../Core/Src/main.c:1456:13:MX_GPIO_Init	40	static
../Core/Src/main.c:1499:6:Error_Handler	4	static,ignoring_inline_asm
